// bbCodePress
//
// bbcode include list
//
// new line      = (bbcode=br)
// divider image = (bbcode=ibr)
// quick keys are NOT required, leave blank
// $0 = selected text (or cursor if none)
// $1 = cursor after insert
// $2 = ask for input (..?..) or input option

// bbcode id, name (help text), codes, image, quick key
b,bold,[b]$0[/b],bold.gif,ctrl+b
u,underline,[u]$0[/u],underline.gif,ctrl+u
i,italic,[i]$0[/i]',italic.gif,ctrl+i
ibr
//font,font family,[font=$2]$0[/url],font.gif,
//fontA,Arial font,[font=arial]$0[/url],fontarial.gif,
//fontT,Times font,[font=times]$0[/url],fonttimes.gif,
//fontC,Courier font,[font=\"courier new, courier\"]$0[/font],fontcourier.gif,
//size,font size,[size=$2]$0[/url],fontsize.gif,
//size7,7pt font size,[size=7pt]$0[/url],fontsize7.gif,
//size10,10pt font size,[size=10pt]$0[/url],fontsize10.gif,
//size12,12pt font size,[size=12pt]$0[/url],fontsize12.gif,
//size16,16pt font size,[size=16pt]$0[/url],fontsize16.gif,
//ibr
//urlthis,link this,[url=$2]$0[/url],hrefthis.gif,
//link,link here,[url=$0]$0[/url],hreflink.gif,
//linkimg,link image,[url=$2][img]$0[/img][/url],hrefimage.gif,
url,link,[url]$0[/url],href.gif,ctrl+h
img,image,[img]$0[/img],image.gif,ctrl+p
ibr
code,code,[code]$0[/code],code.gif,shift+ctrl+c
quote,quote,[quote]$0[/quote],quote.gif,shift+ctrl+q
ibr
table,table,[table][tr][td]$0[/td][/tr][/table],table.gif,shift+ctrl+t
row,row,[tr][td]$0[/td][/tr],tablerow.gif,shift+ctrl+r
cell,cell,[td]$0[/td],tablecell.gif,shift+ctrl+d
